// Jest Snapshot v1, https://goo.gl/fbAQLP

exports[`Should render ExpenseList with empty message 1`] = `
<div>
  <p>
    No expense.
  </p>
</div>
`;

exports[`Should render ExpenseList with expenses 1`] = `
<div>
  <ExpenseListItem
    amount={195}
    createAt={0}
    description="Gum"
    id="1"
    key="1"
    note=""
  />
  <ExpenseListItem
    amount={23000}
    createAt={-345600000}
    description="Rent"
    id="2"
    key="2"
    note=""
  />
  <ExpenseListItem
    amount={475}
    createAt={345600000}
    description="Coffee"
    id="3"
    key="3"
    note=""
  />
</div>
`;
